// Jest Snapshot v1, https://goo.gl/fbAQLP

exports[`book details page handles error state 1`] = `
.emotion-4 {
  display: -webkit-box;
  display: -webkit-flex;
  display: -ms-flexbox;
  display: flex;
  -webkit-flex-direction: column;
  -ms-flex-direction: column;
  flex-direction: column;
  -webkit-flex: 1;
  -ms-flex: 1;
  flex: 1;
  -webkit-box-pack: center;
  -webkit-justify-content: center;
  -ms-flex-pack: center;
  justify-content: center;
  -webkit-align-items: center;
  -webkit-box-align: center;
  -ms-flex-align: center;
  align-items: center;
}

.emotion-3 {
  max-width: 70%;
}

.emotion-0 {
  font-weight: 700;
}

.emotion-2 {
  -webkit-text-decoration: none;
  text-decoration: none;
  color: inherit;
  font-family: -apple-system,BlinkMacSystemFont,system-ui,sans-serif;
  font-size: 0.875rem;
  font-weight: 300;
  line-height: 1.5;
  display: -webkit-inline-box;
  display: -webkit-inline-flex;
  display: -ms-inline-flexbox;
  display: inline-flex;
  -webkit-appearance: none;
  -moz-appearance: none;
  appearance: none;
  -webkit-align-items: center;
  -webkit-box-align: center;
  -ms-flex-align: center;
  align-items: center;
  -webkit-box-pack: center;
  -webkit-justify-content: center;
  -ms-flex-pack: center;
  justify-content: center;
  text-align: center;
  white-space: nowrap;
  vertical-align: middle;
  padding-left: 16px;
  padding-right: 16px;
  border: 0;
  border-radius: 2px;
  cursor: pointer;
  -webkit-text-decoration: none;
  text-decoration: none;
  background-color: var(--theme-ui-colors-brand-primary,#337ab7);
  height: 32px;
  min-width: 32px;
  color: white;
  fill: white;
  margin-top: 16px;
}

.emotion-2:hover {
  color: inherit;
  -webkit-text-decoration: underline;
  text-decoration: underline;
}

.emotion-2:focus,
.emotion-2:hover {
  background-color: #2d6da3;
  color: white;
  -webkit-text-decoration: none;
  text-decoration: none;
}

.emotion-2:focus {
  box-shadow: 0 0 0 0.2em rgba(0,109,255,0.4);
}

.emotion-2:active {
  background-color: #285f8f;
}

.emotion-2:disabled {
  background-color: var(--theme-ui-colors-ui-gray-light,#e0e0e0);
  color: var(--theme-ui-colors-ui-gray-extraDark,#424242);
  cursor: default;
}

<div>
  <section
    aria-label="Book details"
    class="emotion-4"
  >
    <div
      class="emotion-3"
    >
      <p>
        There was a problem fetching this book. Please refresh the page or return home.
      </p>
      <div>
        <span
          class="emotion-0"
        >
          Error Code: 
        </span>
        401
      </div>
      <div>
        <span
          class="emotion-0"
        >
          Error Message: 
        </span>
        Some error
      </div>
      <a
        class="emotion-2"
        href="/"
      >
        Return Home
      </a>
    </div>
  </section>
</div>
`;
