// Jest Snapshot v1, https://goo.gl/fbAQLP

exports[`select matches snapshot 1`] = `
.emotion-0 {
  width: 100%;
  display: -webkit-box;
  display: -webkit-flex;
  display: -ms-flexbox;
  display: flex;
  -webkit-align-items: center;
  -webkit-box-align: center;
  -ms-flex-align: center;
  align-items: center;
  position: relative;
  padding-left: 4px;
  padding-right: 8px;
  height: 2rem;
  font-size: 1.375rem;
  line-height: normal;
  background-color: white;
  padding-bottom: 4px;
  -webkit-transition: all 0.2s ease 0s;
  transition: all 0.2s ease 0s;
  border-radius: 4px;
  border: 1px solid #bdbdbd;
  border-color: var(--theme-ui-colors-primary,#377F8B);
}

<select
  class="emotion-0"
>
  <option>
    op 1
  </option>
</select>
`;
